// Jest Snapshot v1, https://goo.gl/fbAQLP

exports[`should correctly render ExpenseSummary with 0 expenses 1`] = `
<div>
  <h1>
    Viewing 
    23
     
    expenses
     totalling 
    $11.23
  </h1>
</div>
`;

exports[`should correctly render ExpenseSummary with 1 expense 1`] = `
<div>
  <h1>
    Viewing 
    23
     
    expenses
     totalling 
    $11.23
  </h1>
</div>
`;
